\BOOKMARK [1][-]{section.1}{\376\377\000P\000r\000o\000j\000e\000c\000t}{}% 1
\BOOKMARK [1][-]{section.2}{\376\377\000S\000y\000s\000t\000e\000m\000\040\000D\000e\000s\000i\000g\000n}{}% 2
\BOOKMARK [2][-]{subsection.2.1}{\376\377\000D\000a\000t\000a\000b\000a\000s\000e}{section.2}% 3
\BOOKMARK [2][-]{subsection.2.2}{\376\377\000B\000a\000c\000k\000e\000n\000d}{section.2}% 4
\BOOKMARK [2][-]{subsection.2.3}{\376\377\000F\000r\000o\000n\000t\000e\000n\000d}{section.2}% 5
\BOOKMARK [2][-]{subsection.2.4}{\376\377\000S\000t\000o\000c\000k\000\040\000P\000r\000e\000d\000i\000c\000t\000o\000r}{section.2}% 6
\BOOKMARK [1][-]{section.3}{\376\377\000F\000u\000n\000c\000t\000i\000o\000n\000a\000l\000\040\000C\000o\000m\000p\000o\000n\000e\000n\000t\000s}{}% 7
\BOOKMARK [2][-]{subsection.3.1}{\376\377\000D\000a\000t\000a\000b\000a\000s\000e}{section.3}% 8
\BOOKMARK [2][-]{subsection.3.2}{\376\377\000B\000a\000c\000k\000e\000n\000d}{section.3}% 9
\BOOKMARK [2][-]{subsection.3.3}{\376\377\000F\000r\000o\000n\000t\000e\000n\000d}{section.3}% 10
\BOOKMARK [2][-]{subsection.3.4}{\376\377\000U\000s\000e\000r\000\040\000L\000o\000g\000i\000n}{section.3}% 11
\BOOKMARK [2][-]{subsection.3.5}{\376\377\000S\000t\000o\000c\000k\000\040\000P\000r\000e\000d\000i\000c\000t\000o\000r}{section.3}% 12
\BOOKMARK [2][-]{subsection.3.6}{\376\377\000L\000e\000a\000d\000e\000r\000b\000o\000a\000r\000d\000s}{section.3}% 13
\BOOKMARK [2][-]{subsection.3.7}{\376\377\000T\000e\000a\000m\000\040\000V\000i\000e\000w}{section.3}% 14
\BOOKMARK [2][-]{subsection.3.8}{\376\377\000A\000d\000m\000i\000n\000i\000s\000t\000r\000a\000t\000i\000o\000n\000\040\000U\000t\000i\000l\000i\000t\000i\000e\000s}{section.3}% 15
\BOOKMARK [1][-]{section.4}{\376\377\000R\000e\000q\000u\000i\000r\000e\000d\000\040\000Q\000u\000e\000r\000i\000e\000s}{}% 16
\BOOKMARK [2][-]{subsection.4.1}{\376\377\000C\000o\000-\000A\000u\000t\000h\000o\000r\000\040\000N\000e\000t\000w\000o\000r\000k}{section.4}% 17
\BOOKMARK [2][-]{subsection.4.2}{\376\377\000H\000-\000I\000n\000d\000e\000x\000\040\000F\000i\000l\000t\000e\000r}{section.4}% 18
\BOOKMARK [2][-]{subsection.4.3}{\376\377\000Q\0001\000\040\000J\000o\000u\000r\000n\000a\000l\000\040\000I\000n\000f\000l\000u\000e\000n\000c\000e\000\040\000N\000e\000t\000w\000o\000r\000k}{section.4}% 19
\BOOKMARK [1][-]{section.5}{\376\377\000D\000e\000v\000i\000a\000t\000i\000o\000n\000s\000\040\000F\000r\000o\000m\000\040\000t\000h\000e\000\040\000O\000r\000i\000g\000i\000n\000a\000l\000\040\000P\000l\000a\000n}{}% 20
\BOOKMARK [1][-]{section.6}{\376\377\000P\000r\000o\000g\000r\000e\000s\000s\000\040\000R\000e\000p\000o\000r\000t\000s}{}% 21
\BOOKMARK [2][-]{subsection.6.1}{\376\377\000P\000h\000a\000s\000e\000\040\000I}{section.6}% 22
\BOOKMARK [2][-]{subsection.6.2}{\376\377\000P\000h\000a\000s\000e\000\040\000I\000I}{section.6}% 23
\BOOKMARK [2][-]{subsection.6.3}{\376\377\000P\000h\000a\000s\000e\000\040\000I\000I\000I}{section.6}% 24
\BOOKMARK [2][-]{subsection.6.4}{\376\377\000P\000h\000a\000s\000e\000\040\000I\000V\000\040\000\050\000F\000i\000n\000a\000l\000\040\000P\000h\000a\000s\000e\000\051}{section.6}% 25
\BOOKMARK [1][-]{section.7}{\376\377\000V\000a\000l\000i\000d\000a\000t\000i\000o\000n}{}% 26
\BOOKMARK [1][-]{section.8}{\376\377\000T\000i\000m\000e\000l\000i\000n\000e\000\040\000o\000f\000\040\000D\000e\000l\000i\000v\000e\000r\000a\000b\000l\000e\000s}{}% 27
\BOOKMARK [1][-]{section.9}{\376\377\000L\000i\000c\000e\000n\000s\000e}{}% 28
